// Vitest Snapshot v1

exports[`Home > Home page renders 1`] = `
{
  "baseElement": <body>
    <div>
      
      <header
        data-v-2dc54a20=""
      />
      <main
        data-v-2dc54a20=""
      >
        <div
          data-v-2dc54a20=""
          data-v-c735fc0c=""
          id="mainCalc"
        >
          <textarea
            data-v-c735fc0c=""
            disabled=""
          />
          <div
            data-v-c735fc0c=""
            id="calcButtonsDiv"
          >
            <div
              data-v-c735fc0c=""
              id="numberButtonsDiv"
            >
              <button
                class="topButtons"
                data-v-c735fc0c=""
              >
                Del
              </button>
              <button
                class="topButtons"
                data-v-c735fc0c=""
              >
                C
              </button>
              <button
                class="topButtons"
                data-v-c735fc0c=""
              >
                Ans
              </button>
              
              <button
                class="numberButtons"
                data-v-c735fc0c=""
              >
                1
              </button>
              <button
                class="numberButtons"
                data-v-c735fc0c=""
              >
                2
              </button>
              <button
                class="numberButtons"
                data-v-c735fc0c=""
              >
                3
              </button>
              <button
                class="numberButtons"
                data-v-c735fc0c=""
              >
                4
              </button>
              <button
                class="numberButtons"
                data-v-c735fc0c=""
              >
                5
              </button>
              <button
                class="numberButtons"
                data-v-c735fc0c=""
              >
                6
              </button>
              <button
                class="numberButtons"
                data-v-c735fc0c=""
              >
                7
              </button>
              <button
                class="numberButtons"
                data-v-c735fc0c=""
              >
                8
              </button>
              <button
                class="numberButtons"
                data-v-c735fc0c=""
              >
                9
              </button>
              
              <button
                class="numberButtons"
                data-v-c735fc0c=""
                id="zeroButton"
              >
                0
              </button>
              <button
                class="numberButtons"
                data-v-c735fc0c=""
              >
                .
              </button>
            </div>
            <div
              data-v-c735fc0c=""
              id="operatorsDiv"
            >
              
              <button
                class="operators"
                data-v-c735fc0c=""
              >
                +
              </button>
              <button
                class="operators"
                data-v-c735fc0c=""
              >
                -
              </button>
              <button
                class="operators"
                data-v-c735fc0c=""
              >
                x
              </button>
              <button
                class="operators"
                data-v-c735fc0c=""
              >
                /
              </button>
              
              <button
                class="operators"
                data-v-c735fc0c=""
              >
                =
              </button>
            </div>
          </div>
        </div>
        <br
          data-v-2dc54a20=""
        />
        <textarea
          data-v-2dc54a20=""
          disabled=""
          id="log"
        >
          LOG
        </textarea>
        <textarea
          data-v-2dc54a20=""
          data-v-79d03ac2=""
          disabled=""
        />
      </main>
      
    </div>
  </body>,
  "container": <div>
    
    <header
      data-v-2dc54a20=""
    />
    <main
      data-v-2dc54a20=""
    >
      <div
        data-v-2dc54a20=""
        data-v-c735fc0c=""
        id="mainCalc"
      >
        <textarea
          data-v-c735fc0c=""
          disabled=""
        />
        <div
          data-v-c735fc0c=""
          id="calcButtonsDiv"
        >
          <div
            data-v-c735fc0c=""
            id="numberButtonsDiv"
          >
            <button
              class="topButtons"
              data-v-c735fc0c=""
            >
              Del
            </button>
            <button
              class="topButtons"
              data-v-c735fc0c=""
            >
              C
            </button>
            <button
              class="topButtons"
              data-v-c735fc0c=""
            >
              Ans
            </button>
            
            <button
              class="numberButtons"
              data-v-c735fc0c=""
            >
              1
            </button>
            <button
              class="numberButtons"
              data-v-c735fc0c=""
            >
              2
            </button>
            <button
              class="numberButtons"
              data-v-c735fc0c=""
            >
              3
            </button>
            <button
              class="numberButtons"
              data-v-c735fc0c=""
            >
              4
            </button>
            <button
              class="numberButtons"
              data-v-c735fc0c=""
            >
              5
            </button>
            <button
              class="numberButtons"
              data-v-c735fc0c=""
            >
              6
            </button>
            <button
              class="numberButtons"
              data-v-c735fc0c=""
            >
              7
            </button>
            <button
              class="numberButtons"
              data-v-c735fc0c=""
            >
              8
            </button>
            <button
              class="numberButtons"
              data-v-c735fc0c=""
            >
              9
            </button>
            
            <button
              class="numberButtons"
              data-v-c735fc0c=""
              id="zeroButton"
            >
              0
            </button>
            <button
              class="numberButtons"
              data-v-c735fc0c=""
            >
              .
            </button>
          </div>
          <div
            data-v-c735fc0c=""
            id="operatorsDiv"
          >
            
            <button
              class="operators"
              data-v-c735fc0c=""
            >
              +
            </button>
            <button
              class="operators"
              data-v-c735fc0c=""
            >
              -
            </button>
            <button
              class="operators"
              data-v-c735fc0c=""
            >
              x
            </button>
            <button
              class="operators"
              data-v-c735fc0c=""
            >
              /
            </button>
            
            <button
              class="operators"
              data-v-c735fc0c=""
            >
              =
            </button>
          </div>
        </div>
      </div>
      <br
        data-v-2dc54a20=""
      />
      <textarea
        data-v-2dc54a20=""
        disabled=""
        id="log"
      >
        LOG
      </textarea>
      <textarea
        data-v-2dc54a20=""
        data-v-79d03ac2=""
        disabled=""
      />
    </main>
    
  </div>,
  "debug": [Function],
  "emitted": [Function],
  "findAllByAltText": [Function],
  "findAllByDisplayValue": [Function],
  "findAllByLabelText": [Function],
  "findAllByPlaceholderText": [Function],
  "findAllByRole": [Function],
  "findAllByTestId": [Function],
  "findAllByText": [Function],
  "findAllByTitle": [Function],
  "findByAltText": [Function],
  "findByDisplayValue": [Function],
  "findByLabelText": [Function],
  "findByPlaceholderText": [Function],
  "findByRole": [Function],
  "findByTestId": [Function],
  "findByText": [Function],
  "findByTitle": [Function],
  "getAllByAltText": [Function],
  "getAllByDisplayValue": [Function],
  "getAllByLabelText": [Function],
  "getAllByPlaceholderText": [Function],
  "getAllByRole": [Function],
  "getAllByTestId": [Function],
  "getAllByText": [Function],
  "getAllByTitle": [Function],
  "getByAltText": [Function],
  "getByDisplayValue": [Function],
  "getByLabelText": [Function],
  "getByPlaceholderText": [Function],
  "getByRole": [Function],
  "getByTestId": [Function],
  "getByText": [Function],
  "getByTitle": [Function],
  "html": [Function],
  "queryAllByAltText": [Function],
  "queryAllByDisplayValue": [Function],
  "queryAllByLabelText": [Function],
  "queryAllByPlaceholderText": [Function],
  "queryAllByRole": [Function],
  "queryAllByTestId": [Function],
  "queryAllByText": [Function],
  "queryAllByTitle": [Function],
  "queryByAltText": [Function],
  "queryByDisplayValue": [Function],
  "queryByLabelText": [Function],
  "queryByPlaceholderText": [Function],
  "queryByRole": [Function],
  "queryByTestId": [Function],
  "queryByText": [Function],
  "queryByTitle": [Function],
  "rerender": [Function],
  "unmount": [Function],
}
`;
